Warning: 48287 documents (93%) need embeddings. Run 'qmd embed' for better results.
Expanding query...
├─ 2504.03022 · (lexical+vector)
├─ 2504.03022 code · (lexical)
├─ 2504.03022 usage · (lexical)
├─ code examples for 2504.03022 · (vector)
├─ practical applications of 2504.03022 · (vector)
└─ The topic of 2504.03022 covers code examples for 2504.03022. Here are a few e... · (hyde)
Searching 3 lexical + 4 vector queries...
Reranking 40 documents...
]9;4;3]9;4;0
qmd://papers/books-bulk/ai-docs/lng-process-control/advanced-chemical-process-control-putting-theory-into-morten-hovd-1-auflage-weinheim-2023-epub.md #7d7f82
Title: List of Tables
Score:  88%

@@ -1,3 @@ (0 before, 60 after)
![](media=outputs/lng_process_control/Advanced Chemical Process Control - Putting Theory into -- Morten Hovd -- 1_ Auflage, Weinheim, 2023_artifacts/images/9783527842483.jpg)

[]{#cover.xhtml}


qmd://markdown-notes/2021/12/22.md #e11e56
Title: 22
Score:  50%

@@ -1,2 @@ (0 before, 0 after)
need to change pos...



qmd://markdown-notes/logseq-notes/pages/omnivore.md #df8f28
Title: 🔖 Articles
Score:  38%

@@ -1,3 @@ (0 before, 25 after)
## 🔖 Articles
	- [Training with quantization noise for extreme model compression](https://omnivore.app/me/training-with-quantization-noise-for-extreme-model-compression-18a6db1914b)
	  collapsed:: true


qmd://markdown-notes/2021/07/02.md #46e042
Title: 02
Score:  35%

@@ -1,3 @@ (0 before, 11 after)
- [ ] meditate
- [ ] walk



qmd://markdown-notes/2019/08/22.md #727ecd
Title: 22
Score:  34%

@@ -1,3 @@ (0 before, 65 after)
- [x] look up smartmod
- [ ] plan fastapi etc
- [ ] meetup
